==== START Fri 08/05/2026 20:00:00.92 ==== 
CD=C:\tera-spms 
Traceback (most recent call last):
  File "<frozen runpy>", line 198, in _run_module_as_main
  File "<frozen runpy>", line 88, in _run_code
  File "C:\tera-spms\scripts\detect_low_psh_plants_by_city.py", line 182, in <module>
    main()
    ~~~~^^
  File "C:\tera-spms\scripts\detect_low_psh_plants_by_city.py", line 116, in main
    report_df = fetch_and_detect_low_psh_by_city(
        PLANT_INFO_EXCEL,
    ...<2 lines>...
        headless=False,
    )
  File "C:\tera-spms\app\services\plant_city_low_psh.py", line 413, in fetch_and_detect_low_psh_by_city
    plants = fetch_plants_from_fusionsolar(max_pages=max_pages, headless=headless)
  File "C:\tera-spms\app\services\plant_city_low_psh.py", line 239, in fetch_plants_from_fusionsolar
    _go_to_plant_list(page)
    ~~~~~~~~~~~~~~~~~^^^^^^
  File "C:\tera-spms\app\services\plant_city_low_psh.py", line 157, in _go_to_plant_list
    page.wait_for_function(
    ~~~~~~~~~~~~~~~~~~~~~~^
        "(() => !window.location.href.includes('/pvmswebsite/login/build/index.html'))()",
        ^^^^^^^^^^^^^^^^^^^^^^^^^^^^^^^^^^^^^^^^^^^^^^^^^^^^^^^^^^^^^^^^^^^^^^^^^^^^^^^^^^
        timeout=18000,
        ^^^^^^^^^^^^^^
    )
    ^
  File "C:\tera-spms\.venv\Lib\site-packages\playwright\sync_api\_generated.py", line 11599, in wait_for_function
    self._sync(
    ~~~~~~~~~~^
        self._impl_obj.wait_for_function(
        ^^^^^^^^^^^^^^^^^^^^^^^^^^^^^^^^^
    ...<4 lines>...
        )
        ^
    )
    ^
  File "C:\tera-spms\.venv\Lib\site-packages\playwright\_impl\_sync_base.py", line 115, in _sync
    return task.result()
           ~~~~~~~~~~~^^
  File "C:\tera-spms\.venv\Lib\site-packages\playwright\_impl\_page.py", line 1110, in wait_for_function
    return await self._main_frame.wait_for_function(**locals_to_params(locals()))
           ^^^^^^^^^^^^^^^^^^^^^^^^^^^^^^^^^^^^^^^^^^^^^^^^^^^^^^^^^^^^^^^^^^^^^^
  File "C:\tera-spms\.venv\Lib\site-packages\playwright\_impl\_frame.py", line 878, in wait_for_function
    await self._channel.send("waitForFunction", self._timeout, params)
  File "C:\tera-spms\.venv\Lib\site-packages\playwright\_impl\_connection.py", line 69, in send
    return await self._connection.wrap_api_call(
           ^^^^^^^^^^^^^^^^^^^^^^^^^^^^^^^^^^^^^
    ...<3 lines>...
    )
    ^
  File "C:\tera-spms\.venv\Lib\site-packages\playwright\_impl\_connection.py", line 559, in wrap_api_call
    raise rewrite_error(error, f"{parsed_st['apiName']}: {error}") from None
playwright._impl._errors.TimeoutError: Page.wait_for_function: Timeout 18000ms exceeded.
postgresql+psycopg://tsdbadmin:ajdpdwcxofig8m1k@uhpryp00bo.agxhe25gku.tsdb.cloud.timescale.com:35327/tsdb?sslmode=require
Please login to FusionSolar in the browser window...
==== END Fri 08/05/2026 20:00:34.00 ==== 
